C51 COMPILER V9.60.0.0   MAIN                                                              03/19/2021 18:04:26 PAGE 1   


C51 COMPILER V9.60.0.0, COMPILATION OF MODULE MAIN
OBJECT MODULE PLACED IN .\Objects\main.obj
COMPILER INVOKED BY: C:\Keil_v5\C51\BIN\C51.EXE main.c OPTIMIZE(8,SPEED) BROWSE DEBUG OBJECTEXTEND PRINT(.\Listings\main
                    -.lst) TABS(2) OBJECT(.\Objects\main.obj)

line level    source

   1          #include "stdio.h"
   2          #include "string.h" 
   3          #include "at89c5131.h"
   4          #include "defs.h"
   5          #include "utils/lcd/lcd.h"
   6          #include "utils/serial/serial.h"
   7          
   8          unsigned int runs, wickets, overs, balls, pos;
   9          bit new_over = 0;
  10          
  11          void main(void) {
  12   1        unsigned char score[16];
  13   1        unsigned char ch;
  14   1        
  15   1        lcd_init();
  16   1        uart_init();
  17   1        init();
  18   1        
  19   1        // throw away erroneous first character
  20   1        receive_char();
  21   1        
  22   1        while(1) {
  23   2          sprintf(score, "%d/%d (%d.%d)", runs, wickets, overs, balls);
  24   2          
  25   2          lcd_cmd(0x80);
  26   2          lcd_string(score);
  27   2          
  28   2          if(overs == 20 || wickets == 10){
  29   3            reset();
  30   3            continue;
  31   3          }
  32   2          
  33   2          ch = receive_char();
  34   2          
  35   2          switch(ch) {
  36   3            case '6': runs ++;
  37   3            case '5': runs ++;
  38   3            case '4': runs ++;
  39   3            case '3': runs ++;
  40   3            case '2': runs ++;
  41   3            case '1': runs ++;
  42   3            case '.': balls ++;
  43   3                      break;
  44   3            
  45   3            case 'e': 
  46   3            case 'n': runs ++;
  47   3                      ch -= 32;
  48   3                      break;
  49   3            
  50   3            case 'w': wickets ++;
  51   3                      balls ++;
  52   3                      ch -= 32;
  53   3                      break;
  54   3            
C51 COMPILER V9.60.0.0   MAIN                                                              03/19/2021 18:04:26 PAGE 2   

  55   3            default: transmit_char(ch);
  56   3                     transmit_string(" - Invalid character sent\r\n");
  57   3                     continue;
  58   3          }
  59   2          
  60   2          update(ch);
  61   2        }
  62   1      }
  63          
  64          void init() {
  65   1      /*******************************************************
  66   1        DESC: initialization of global variables and messages
  67   1      *******************************************************/
  68   1        // initial messages
  69   1        transmit_string("*******************************\r\n");
  70   1        transmit_string("********Cricketscore***********\r\n");
  71   1        transmit_string("*******************************\r\n");
  72   1        transmit_string("Press a character to start game\r\n");
  73   1        
  74   1        // global vars
  75   1        runs = 0;
  76   1        wickets = 0, overs = 0, balls = 0;
  77   1        pos = 0x0CF;         // second row, last column
  78   1      }
  79          
  80          void update(unsigned char ch) {
  81   1      /***********************************************************
  82   1        DESC: updation of global variables after a ball is bowled
  83   1        ARGS:
  84   1          ch: character received from keyboard
  85   1      ***********************************************************/
  86   1        if(new_over == 1) {
  87   2          lcd_cmd(0x01);
  88   2          msdelay(100);
  89   2          new_over = 0;
  90   2          pos = 0x0CF;
  91   2        }
  92   1        
  93   1        if(balls == 6) {
  94   2          balls = 0;
  95   2          overs ++;
  96   2          new_over = 1;
  97   2        }
  98   1        
  99   1        lcd_cmd(pos);
 100   1        lcd_char(ch);
 101   1        pos -= 1;
 102   1      }
 103          
 104          void reset() {
 105   1      /*************************************************
 106   1        DESC: denote end of innings and reset variables
 107   1      *************************************************/
 108   1        lcd_cmd(0x0C0);
 109   1        lcd_string("Innings Ends    ");
 110   1        msdelay(5000);
 111   1        lcd_cmd(0x01);
 112   1        msdelay(100);
 113   1        init();
 114   1      }


C51 COMPILER V9.60.0.0   MAIN                                                              03/19/2021 18:04:26 PAGE 3   

MODULE INFORMATION:   STATIC OVERLAYABLE
   CODE SIZE        =    421    ----
   CONSTANT SIZE    =    161    ----
   XDATA SIZE       =   ----    ----
   PDATA SIZE       =   ----    ----
   DATA SIZE        =     10      18
   IDATA SIZE       =   ----    ----
   BIT SIZE         =      1    ----
END OF MODULE INFORMATION.


C51 COMPILATION COMPLETE.  0 WARNING(S),  0 ERROR(S)
